[ 8381.125223] e1000 0000:00:03.0 enp0s3: Detected Tx Unit Hang
[ 8381.125223]   Tx Queue             <0>
[ 8381.125223]   TDH                  <24>
[ 8381.125223]   TDT                  <26>
[ 8381.125223]   next_to_use          <26>
[ 8381.125223]   next_to_clean        <24>
[ 8381.125223] buffer_info[next_to_clean]
[ 8381.125223]   time_stamp           <1001ecdf2>
[ 8381.125223]   next_to_watch        <25>
[ 8381.125223]   jiffies              <1001ecff2>
[ 8381.125223]   next_to_watch.status <0>
[ 8383.133535] e1000 0000:00:03.0 enp0s3: Detected Tx Unit Hang
[ 8383.133535]   Tx Queue             <0>
[ 8383.133535]   TDH                  <24>
[ 8383.133535]   TDT                  <26>
[ 8383.133535]   next_to_use          <26>
[ 8383.133535]   next_to_clean        <24>
[ 8383.133535] buffer_info[next_to_clean]
[ 8383.133535]   time_stamp           <1001ecdf2>
[ 8383.133535]   next_to_watch        <25>
[ 8383.133535]   jiffies              <1001ed1e8>
[ 8383.133535]   next_to_watch.status <0>
[ 8385.137024] e1000 0000:00:03.0 enp0s3: Detected Tx Unit Hang
[ 8385.137024]   Tx Queue             <0>
[ 8385.137024]   TDH                  <24>
[ 8385.137024]   TDT                  <26>
[ 8385.137024]   next_to_use          <26>
[ 8385.137024]   next_to_clean        <24>
[ 8385.137024] buffer_info[next_to_clean]
[ 8385.137024]   time_stamp           <1001ecdf2>
[ 8385.137024]   next_to_watch        <25>
[ 8385.137024]   jiffies              <1001ed3dd>
[ 8385.137024]   next_to_watch.status <0>
[ 8386.701319] e1000 0000:00:03.0 enp0s3: Reset adapter
[ 8394.813424] e1000 0000:00:03.0 enp0s3: Detected Tx Unit Hang
[ 8394.813424]   Tx Queue             <0>
[ 8394.813424]   TDH                  <c3>
[ 8394.813424]   TDT                  <c5>
[ 8394.813424]   next_to_use          <c5>
[ 8394.813424]   next_to_clean        <c3>
[ 8394.813424] buffer_info[next_to_clean]
[ 8394.813424]   time_stamp           <1001ed9e5>
[ 8394.813424]   next_to_watch        <c4>
[ 8394.813424]   jiffies              <1001edd50>
[ 8394.813424]   next_to_watch.status <0>
[ 8397.044684] e1000 0000:00:03.0 enp0s3: Detected Tx Unit Hang
[ 8397.044684]   Tx Queue             <0>
[ 8397.044684]   TDH                  <c3>
[ 8397.044684]   TDT                  <c5>
[ 8397.044684]   next_to_use          <c5>
[ 8397.044684]   next_to_clean        <c3>
[ 8397.044684] buffer_info[next_to_clean]
[ 8397.044684]   time_stamp           <1001ed9e5>
[ 8397.044684]   next_to_watch        <c4>
[ 8397.044684]   jiffies              <1001edf7e>
[ 8397.044684]   next_to_watch.status <0>
[ 8398.684738] e1000 0000:00:03.0 enp0s3: Reset adapter
[ 9204.377148] e1000 0000:00:03.0 enp0s3: Detected Tx Unit Hang
[ 9204.377148]   Tx Queue             <0>
[ 9204.377148]   TDH                  <41>
[ 9204.377148]   TDT                  <43>
[ 9204.377148]   next_to_use          <43>
[ 9204.377148]   next_to_clean        <41>
[ 9204.377148] buffer_info[next_to_clean]
[ 9204.377148]   time_stamp           <10021f167>
[ 9204.377148]   next_to_watch        <42>
[ 9204.377148]   jiffies              <10021f3e7>
[ 9204.377148]   next_to_watch.status <0>
[ 9206.693460] e1000 0000:00:03.0 enp0s3: Detected Tx Unit Hang
[ 9206.693460]   Tx Queue             <0>
[ 9206.693460]   TDH                  <41>
[ 9206.693460]   TDT                  <43>
[ 9206.693460]   next_to_use          <43>
[ 9206.693460]   next_to_clean        <41>
[ 9206.693460] buffer_info[next_to_clean]
[ 9206.693460]   time_stamp           <10021f167>
[ 9206.693460]   next_to_watch        <42>
[ 9206.693460]   jiffies              <10021f62a>
[ 9206.693460]   next_to_watch.status <0>
[ 9208.917168] e1000 0000:00:03.0 enp0s3: Detected Tx Unit Hang
[ 9208.917168]   Tx Queue             <0>
[ 9208.917168]   TDH                  <41>
[ 9208.917168]   TDT                  <43>
[ 9208.917168]   next_to_use          <43>
[ 9208.917168]   next_to_clean        <41>
[ 9208.917168] buffer_info[next_to_clean]
[ 9208.917168]   time_stamp           <10021f167>
[ 9208.917168]   next_to_watch        <42>
[ 9208.917168]   jiffies              <10021f856>
[ 9208.917168]   next_to_watch.status <0>
[ 9210.685635] e1000 0000:00:03.0 enp0s3: Reset adapter
[ 9926.209232] e1000 0000:00:03.0 enp0s3: Detected Tx Unit Hang
[ 9926.209232]   Tx Queue             <0>
[ 9926.209232]   TDH                  <f8>
[ 9926.209232]   TDT                  <fa>
[ 9926.209232]   next_to_use          <fa>
[ 9926.209232]   next_to_clean        <f8>
[ 9926.209232] buffer_info[next_to_clean]
[ 9926.209232]   time_stamp           <10024b143>
[ 9926.209232]   next_to_watch        <f9>
[ 9926.209232]   jiffies              <10024b4d1>
[ 9926.209232]   next_to_watch.status <0>
[ 9927.676183] e1000 0000:00:03.0 enp0s3: Reset adapter
[10472.869090] e1000 0000:00:03.0 enp0s3: Detected Tx Unit Hang
[10472.869090]   Tx Queue             <0>
[10472.869090]   TDH                  <9c>
[10472.869090]   TDT                  <9e>
[10472.869090]   next_to_use          <9e>
[10472.869090]   next_to_clean        <9c>
[10472.869090] buffer_info[next_to_clean]
[10472.869090]   time_stamp           <10026c6f5>
[10472.869090]   next_to_watch        <9d>
[10472.869090]   jiffies              <10026caaa>
[10472.869090]   next_to_watch.status <0>
[10474.685156] e1000 0000:00:03.0 enp0s3: Reset adapter
[11412.648837] e1000 0000:00:03.0 enp0s3: Detected Tx Unit Hang
[11412.648837]   Tx Queue             <0>
[11412.648837]   TDH                  <94>
[11412.648837]   TDT                  <96>
[11412.648837]   next_to_use          <96>
[11412.648837]   next_to_clean        <94>
[11412.648837] buffer_info[next_to_clean]
[11412.648837]   time_stamp           <1002a5d92>
[11412.648837]   next_to_watch        <95>
[11412.648837]   jiffies              <1002a606b>
[11412.648837]   next_to_watch.status <0>
[11414.885106] e1000 0000:00:03.0 enp0s3: Detected Tx Unit Hang
[11414.885106]   Tx Queue             <0>
[11414.885106]   TDH                  <94>
[11414.885106]   TDT                  <96>
[11414.885106]   next_to_use          <96>
[11414.885106]   next_to_clean        <94>
[11414.885106] buffer_info[next_to_clean]
[11414.885106]   time_stamp           <1002a5d92>
[11414.885106]   next_to_watch        <95>
[11414.885106]   jiffies              <1002a629a>
[11414.885106]   next_to_watch.status <0>
[11416.684911] e1000 0000:00:03.0 enp0s3: Reset adapter
e.. 3200.00 BogoMIPS (lpj=6400000)
[    3.112564] pid_max: default: 32768 minimum: 301
[    3.116148] ACPI: Core revision 20150930
[    3.118598] ACPI: 2 ACPI AML tables successfully acquired and loaded
[    3.120932] Security Framework initialized
[    3.128468] Yama: becoming mindful.
[    3.129891] AppArmor: AppArmor initialized
[    3.131656] Dentry cache hash table entries: 131072 (order: 8, 1048576 bytes)
[    3.169735] Inode-cache hash table entries: 65536 (order: 7, 524288 bytes)
[    3.195350] Mount-cache hash table entries: 2048 (order: 2, 16384 bytes)
[    3.234559] Mountpoint-cache hash table entries: 2048 (order: 2, 16384 bytes)
[    3.247302] Initializing cgroup subsys io
[    3.266959] Initializing cgroup subsys memory
[    3.309124] Initializing cgroup subsys devices
[    3.324467] Initializing cgroup subsys freezer
[    3.359986] Initializing cgroup subsys net_cls
[    3.361282] Initializing cgroup subsys perf_event
[    3.376380] Initializing cgroup subsys net_prio
[    3.385147] Initializing cgroup subsys hugetlb
[    3.407083] Initializing cgroup subsys pids
[    3.419373] CPU: Physical Processor ID: 0
[    3.420467] CPU: Processor Core ID: 0
[    3.444226] mce: CPU supports 0 MCE banks
[    3.457855] Last level iTLB entries: 4KB 64, 2MB 8, 4MB 8
[    3.494644] Last level dTLB entries: 4KB 64, 2MB 0, 4MB 0, 1GB 4
[    3.530465] Freeing SMP alternatives memory: 32K (ffffffff820ba000 - ffffffff820c2000)
[    3.541753] ftrace: allocating 32136 entries in 126 pages
[    3.646482] smpboot: APIC(0) Converting physical 0 to logical package 0
[    3.744322] smpboot: Max logical packages: 1
[    3.792294] x2apic enabled
[    3.807449] Switched APIC routing to physical x2apic.
[    3.815769] ..TIMER: vector=0x30 apic1=0 pin1=2 apic2=-1 pin2=-1
[    3.971265] smpboot: CPU0: Intel(R) Core(TM) i5-5250U CPU @ 1.60GHz (family: 0x6, model: 0x3d, stepping: 0x4)
[    3.985317] Performance Events: unsupported p6 CPU model 61 no PMU driver, software events only.
[    4.074702] KVM setup paravirtual spinlock
[    4.114097] x86: Booting SMP configuration:
[    4.128340] .... node  #0, CPUs:      #1
[    4.138517] kvm-clock: cpu 1, msr 0:3ffe3041, secondary cpu clock
[    4.142866] mce: CPU supports 0 MCE banks
[    4.146877] x86: Booted up 1 node, 2 CPUs
[    4.191689] smpboot: Total of 2 processors activated (6400.00 BogoMIPS)
[    4.225237] devtmpfs: initialized
[    4.254261] evm: security.selinux
[    4.279815] evm: security.SMACK64
[    4.309659] evm: security.SMACK64EXEC
[    4.340388] evm: security.SMACK64TRANSMUTE
[    4.359184] evm: security.SMACK64MMAP
[    4.371370] evm: security.ima
[    4.395944] evm: security.capability
[    4.423910] clocksource: jiffies: mask: 0xffffffff max_cycles: 0xffffffff, max_idle_ns: 7645041785100000 ns
[    4.520449] futex hash table entries: 512 (order: 3, 32768 bytes)
[    4.544657] pinctrl core: initialized pinctrl subsystem
[    4.576764] RTC time: 10:21:10, date: 09/04/17
[    4.625469] NET: Registered protocol family 16
[    4.689025] cpuidle: using governor ladder
[    4.736850] cpuidle: using governor menu
[    4.760981] PCCT header not found.
[    4.796071] ACPI: bus type PCI registered
[    4.841569] acpiphp: ACPI Hot Plug PCI Controller Driver version: 0.5
[    4.887336] PCI: Using configuration type 1 for base access
[    4.956397] ACPI: Added _OSI(Module Device)
[    4.987214] ACPI: Added _OSI(Processor Device)
[    5.026184] ACPI: Added _OSI(3.0 _SCP Extensions)
[    5.066745] ACPI: Added _OSI(Processor Aggregator Device)
[    5.113832] ACPI: Executed 1 blocks of module-level executable AML code
[    5.121623] ACPI: Interpreter enabled
[    5.148766] ACPI: (supports S0 S5)
[    5.176665] ACPI: Using IOAPIC for interrupt routing
[    5.195521] PCI: Using host bridge windows from ACPI; if necessary, use "pci=nocrs" and report a bug
[    5.222594] ACPI: PCI Root Bridge [PCI0] (domain 0000 [bus 00-ff])
[    5.234173] acpi PNP0A03:00: _OSC: OS supports [ASPM ClockPM Segments MSI]
[    5.236221] acpi PNP0A03:00: _OSC failed (AE_NOT_FOUND); disabling ASPM
[    5.238167] acpi PNP0A03:00: fail to add MMCONFIG information, can't access extended PCI configuration space under this bridge.
[    5.248088] PCI host bridge to bus 0000:00
[    5.249364] pci_bus 0000:00: root bus resource [io  0x0000-0x0cf7 window]
[    5.257051] pci_bus 0000:00: root bus resource [io  0x0d00-0xffff window]
[    5.272486] pci_bus 0000:00: root bus resource [mem 0x000a0000-0x000bffff window]
[    5.281859] pci_bus 0000:00: root bus resource [mem 0x40000000-0xffdfffff window]
[    5.332422] pci_bus 0000:00: root bus resource [bus 00-ff]
[    5.362999] pci 0000:00:01.1: legacy IDE quirk: reg 0x10: [io  0x01f0-0x01f7]
[    5.370566] pci 0000:00:01.1: legacy IDE quirk: reg 0x14: [io  0x03f6]
[    5.372374] pci 0000:00:01.1: legacy IDE quirk: reg 0x18: [io  0x0170-0x0177]
[    5.374586] pci 0000:00:01.1: legacy IDE quirk: reg 0x1c: [io  0x0376]
[    5.402149] pci 0000:00:07.0: quirk: [io  0x4000-0x403f] claimed by PIIX4 ACPI
[    5.458890] pci 0000:00:07.0: quirk: [io  0x4100-0x410f] claimed by PIIX4 SMB
[    5.525667] ACPI: PCI Interrupt Link [LNKA] (IRQs 5 9 10 *11)
[    5.598948] ACPI: PCI Interrupt Link [LNKB] (IRQs 5 9 10 *11)
[    5.636486] ACPI: PCI Interrupt Link [LNKC] (IRQs 5 9 *10 11)
[    5.692469] ACPI: PCI Interrupt Link [LNKD] (IRQs 5 *9 10 11)
[    5.694740] ACPI: Enabled 2 GPEs in block 00 to 07
[    5.729388] vgaarb: setting as boot device: PCI:0000:00:02.0
[    5.737600] vgaarb: device added: PCI:0000:00:02.0,decodes=io+mem,owns=io+mem,locks=none
[    5.804287] vgaarb: loaded
[    5.821837] vgaarb: bridge control possible 0000:00:02.0
[    5.874750] SCSI subsystem initialized
[    5.902203] ACPI: bus type USB registered
[    5.941776] usbcore: registered new interface driver usbfs
[    6.005043] usbcore: registered new interface driver hub
[    6.018098] usbcore: registered new device driver usb
[    6.053315] PCI: Using ACPI for IRQ routing
[    6.093375] NetLabel: Initializing
[    6.146494] NetLabel:  domain hash size = 128
[    6.181615] NetLabel:  protocols = UNLABELED CIPSOv4
[    6.199549] NetLabel:  unlabeled traffic allowed by default
[    6.226289] amd_nb: Cannot enumerate AMD northbridges
[    6.228913] clocksource: Switched to clocksource kvm-clock
[    6.253039] AppArmor: AppArmor Filesystem Enabled
[    6.283106] pnp: PnP ACPI init
[    6.307109] pnp: PnP ACPI: found 3 devices
[    6.364689] clocksource: acpi_pm: mask: 0xffffff max_cycles: 0xffffff, max_idle_ns: 2085701024 ns
[    6.499985] NET: Registered protocol family 2
[    6.516640] TCP established hash table entries: 8192 (order: 4, 65536 bytes)
[    6.553961] TCP bind hash table entries: 8192 (order: 5, 131072 bytes)
[    6.678495] TCP: Hash tables configured (established 8192 bind 8192)
[    6.783848] UDP hash table entries: 512 (order: 2, 16384 bytes)
[    6.865816] UDP-Lite hash table entries: 512 (order: 2, 16384 bytes)
[    6.881429] NET: Registered protocol family 1
[    6.934790] pci 0000:00:00.0: Limiting direct PCI/PCI transfers
[    6.984017] pci 0000:00:01.0: Activating ISA DMA hang workarounds
[    7.048174] Unpacking initramfs...
[    9.412269] Freeing initrd memory: 10840K (ffff880036ac4000 - ffff88003755a000)
[    9.485255] RAPL PMU detected, API unit is 2^-32 Joules, 4 fixed counters 10737418240 ms ovfl timer
[    9.617395] hw unit of domain pp0-core 2^-0 Joules
[    9.706496] hw unit of domain package 2^-0 Joules
[    9.777908] hw unit of domain dram 2^-0 Joules
[    9.782049] hw unit of domain pp1-gpu 2^-0 Joules
[    9.783493] platform rtc_cmos: registered platform RTC device (no PNP device found)
[    9.817921] Scanning for low memory corruption every 60 seconds
[    9.895656] audit: initializing netlink subsys (disabled)
[    9.946820] audit: type=2000 audit(1504520476.223:1): initialized
[   10.011696] Initialise system trusted keyring
[   10.056321] HugeTLB registered 2 MB page size, pre-allocated 0 pages
[   10.108520] zbud: loaded
[   10.146335] VFS: Disk quotas dquot_6.6.0
[   10.174236] VFS: Dquot-cache hash table entries: 512 (order 0, 4096 bytes)
[   10.179395] squashfs: version 4.0 (2009/01/31) Phillip Lougher
[   10.277011] fuse init (API version 7.23)
[   10.332845] Key type big_key registered
[   10.333977] Allocating IMA MOK and blacklist keyrings.
[   10.365799] Key type asymmetric registered
[   10.408427] Asymmetric key parser 'x509' registered
[   10.453684] Block layer SCSI generic (bsg) driver version 0.4 loaded (major 249)
[   10.468624] io scheduler noop registered
[   10.529473] io scheduler deadline registered (default)
[   10.583146] io scheduler cfq registered
[   10.639842] pci_hotplug: PCI Hot Plug PCI Core version: 0.5
[   10.698061] pciehp: PCI Express Hot Plug Controller Driver version: 0.4
[   10.767873] ACPI: AC Adapter [AC] (on-line)
[   10.782305] tsc: Refined TSC clocksource calibration: 1600.719 MHz
[   10.782308] clocksource: tsc: mask: 0xffffffffffffffff max_cycles: 0x1712cc309d6, max_idle_ns: 440795244697 ns
[   10.839406] input: Power Button as /devices/LNXSYSTM:00/LNXPWRBN:00/input/input0
[   10.852173] ACPI: Power Button [PWRF]
[   10.860073] input: Sleep Button as /devices/LNXSYSTM:00/LNXSLPBN:00/input/input1
[   10.871388] ACPI: Sleep Button [SLPF]
[   10.879173] GHES: HEST is not enabled!
[   10.880644] Serial: 8250/16550 driver, 32 ports, IRQ sharing enabled
[   10.880834] ACPI: Battery Slot [BAT0] (battery present)
[   10.915408] 00:02: ttyS0 at I/O 0x3f8 (irq = 4, base_baud = 115200) is a 16550A
[   10.998184] Linux agpgart interface v0.103
[   11.026246] loop: module loaded
[   11.040155] scsi host0: ata_piix
[   11.042814] scsi host1: ata_piix
[   11.046642] ata1: PATA max UDMA/33 cmd 0x1f0 ctl 0x3f6 bmdma 0xd000 irq 14
[   11.054817] ata2: PATA max UDMA/33 cmd 0x170 ctl 0x376 bmdma 0xd008 irq 15
[   11.058663] libphy: Fixed MDIO Bus: probed
[   11.063059] tun: Universal TUN/TAP device driver, 1.6
[   11.089123] tun: (C) 1999-2004 Max Krasnyansky <maxk@qualcomm.com>
[   11.116595] PPP generic driver version 2.4.2
[   11.118036] ehci_hcd: USB 2.0 'Enhanced' Host Controller (EHCI) Driver
[   11.120307] ehci-pci: EHCI PCI platform driver
[   11.163605] ehci-platform: EHCI generic platform driver
[   11.233123] ohci_hcd: USB 1.1 'Open' Host Controller (OHCI) Driver
[   11.290152] ohci-pci: OHCI PCI platform driver
[   11.307200] ohci-platform: OHCI generic platform driver
[   11.321889] uhci_hcd: USB Universal Host Controller Interface driver
[   11.352523] i8042: PNP: PS/2 Controller [PNP0303:PS2K,PNP0f03:PS2M] at 0x60,0x64 irq 1,12
[   11.357680] serio: i8042 KBD port at 0x60,0x64 irq 1
[   11.360925] serio: i8042 AUX port at 0x60,0x64 irq 12
[   11.369875] mousedev: PS/2 mouse device common for all mice
[   11.389222] rtc_cmos rtc_cmos: rtc core: registered rtc_cmos as rtc0
[   11.443183] rtc_cmos rtc_cmos: alarms up to one day, 114 bytes nvram
[   11.448837] input: AT Translated Set 2 keyboard as /devices/platform/i8042/serio0/input/input2
[   11.530097] i2c /dev entries driver
[   11.534440] device-mapper: uevent: version 1.0.3
[   11.584958] device-mapper: ioctl: 4.34.0-ioctl (2015-10-28) initialised: dm-devel@redhat.com
[   11.655526] ledtrig-cpu: registered to indicate activity on CPUs
[   11.674972] NET: Registered protocol family 10
[   11.708609] NET: Registered protocol family 17
[   11.738380] Key type dns_resolver registered
[   11.786765] microcode: CPU0 sig=0x306d4, pf=0x40, revision=0x0
[   11.789681] microcode: CPU1 sig=0x306d4, pf=0x40, revision=0x0
[   11.799119] microcode: Microcode Update Driver: v2.01 <tigran@aivazian.fsnet.co.uk>, Peter Oruba
[   11.857480] registered taskstats version 1
[   11.900702] Loading compiled-in X.509 certificates
[   11.904134] Loaded X.509 cert 'Build time autogenerated kernel key: a6f98c496ad22cf23b77f8fe21ff88c41791cbd4'
[   11.918086] zswap: loaded using pool lzo/zbud
[   11.949115] Key type trusted registered
[   11.972754] Key type encrypted registered
[   11.978911] AppArmor: AppArmor sha1 policy hashing enabled
[   11.986854] ima: No TPM chip found, activating TPM-bypass!
[   11.995898] evm: HMAC attrs: 0x1
[   12.014017]   Magic number: 1:201:375
[   12.027058] rtc_cmos rtc_cmos: setting system clock to 2017-09-04 10:21:18 UTC (1504520478)
[   12.047070] BIOS EDD facility v0.16 2004-Jun-25, 0 devices found
[   12.058806] EDD information not available.
[   12.076567] Freeing unused kernel memory: 1492K (ffffffff81f45000 - ffffffff820ba000)
[   12.112642] Write protecting the kernel read-only data: 14336k
[   12.123491] Freeing unused kernel memory: 1748K (ffff88000184b000 - ffff880001a00000)
[   12.136098] Freeing unused kernel memory: 112K (ffff880001de4000 - ffff880001e00000)
Loading, please wait...
starting version[   12.162213] random: systemd-udevd: uninitialized urandom read (16 bytes read, 5 bits of entropy available)
 229
[   12.162910] random: udevadm: uninitialized urandom read (16 bytes read, 5 bits of entropy available)
[   12.163005] random: udevadm: uninitialized urandom read (16 bytes read, 5 bits of entropy available)
[   12.163271] random: udevadm: uninitialized urandom read (16 bytes read, 5 bits of entropy available)
[   12.163358] random: udevadm: uninitialized urandom read (16 bytes read, 5 bits of entropy available)
[   12.163419] random: udevadm: uninitialized urandom read (16 bytes read, 5 bits of entropy available)
[   12.163491] random: udevadm: uninitialized urandom read (16 bytes read, 5 bits of entropy available)
[   12.163563] random: udevadm: uninitialized urandom read (16 bytes read, 5 bits of entropy available)
[   12.163629] random: udevadm: uninitialized urandom read (16 bytes read, 5 bits of entropy available)
[   12.163693] random: udevadm: uninitialized urandom read (16 bytes read, 5 bits of entropy available)
[   12.419215] e1000: Intel(R) PRO/1000 Network Driver - version 7.3.21-k8-NAPI
[   12.473256] e1000: Copyright (c) 1999-2006 Intel Corporation.
[   12.507557] Fusion MPT base driver 3.04.20
[   12.508842] Copyright (c) 1999-2008 LSI Corporation
[   12.510493] AVX version of gcm_enc/dec engaged.
[   12.514620] AES CTR mode by8 optimization enabled
[   12.523922] Fusion MPT SPI Host driver 3.04.20
[   12.698664] input: ImExPS/2 Generic Explorer Mouse as /devices/platform/i8042/serio1/input/input4
[   12.922846] e1000 0000:00:03.0 eth0: (PCI:33MHz:32-bit) 02:04:e4:df:e4:d8
[   13.025420] e1000 0000:00:03.0 eth0: Intel(R) PRO/1000 Network Connection
[   13.051275] mptbase: ioc0: Initiating bringup
[   13.121444] ioc0: LSI53C1030 A0: Capabilities={Initiator}
[   13.320445] scsi host2: ioc0: LSI53C1030 A0, FwRev=00000000h, Ports=1, MaxQ=256, IRQ=20
[   13.445558] scsi 2:0:0:0: Direct-Access     VBOX     HARDDISK         1.0  PQ: 0 ANSI: 5
[   13.463918] scsi target2:0:0: Beginning Domain Validation
[   13.492443] scsi target2:0:0: Domain Validation skipping write tests
[   13.496175] scsi target2:0:0: Ending Domain Validation
[   13.497931] scsi target2:0:0: asynchronous
[   13.506772] scsi 2:0:1:0: Direct-Access     VBOX     HARDDISK         1.0  PQ: 0 ANSI: 5
[   13.518536] scsi target2:0:1: Beginning Domain Validation
[   13.531954] scsi target2:0:1: Domain Validation skipping write tests
[   13.539101] scsi target2:0:1: Ending Domain Validation
[   13.540965] scsi target2:0:1: asynchronous
[   13.566190] sd 2:0:0:0: Attached scsi generic sg0 type 0
[   13.568826] sd 2:0:0:0: [sda] 20971520 512-byte logical blocks: (10.7 GB/10.0 GiB)
[   13.598454] sd 2:0:1:0: Attached scsi generic sg1 type 0
[   13.601244] sd 2:0:1:0: [sdb] 20480 512-byte logical blocks: (10.5 MB/10.0 MiB)
[   13.618404] sd 2:0:0:0: [sda] Write Protect is off
[   13.621196] sd 2:0:1:0: [sdb] Write Protect is off
[   13.647002] sd 2:0:0:0: [sda] Incomplete mode parameter data
[   13.648635] sd 2:0:0:0: [sda] Assuming drive cache: write through
[   13.652814] sd 2:0:1:0: [sdb] Incomplete mode parameter data
[   13.655692] sd 2:0:1:0: [sdb] Assuming drive cache: write through
[   13.674669]  sda: sda1
[   13.677805] sd 2:0:0:0: [sda] Attached SCSI disk
[   13.682138] sd 2:0:1:0: [sdb] Attached SCSI disk
[   13.842363] e1000 0000:00:08.0 eth1: (PCI:33MHz:32-bit) 08:00:27:58:8d:fb
[   13.923905] e1000 0000:00:08.0 eth1: Intel(R) PRO/1000 Network Connection
[   13.970308] e1000 0000:00:03.0 enp0s3: renamed from eth0
[   14.001866] e1000 0000:00:08.0 enp0s8: renamed from eth1
[   15.525001] floppy0: no floppy controllers found
Begin: Loading essential drivers ... [   16.966254] md: linear personality registered for level -1
[   16.985837] md: multipath personality registered for level -4
[   17.009900] md: raid0 personality registered for level 0
[   17.031938] md: raid1 personality registered for level 1
[   17.125020] raid6: sse2x1   gen()  6957 MB/s
[   17.225550] raid6: sse2x1   xor()  5432 MB/s
[   17.309439] raid6: sse2x2   gen()  8845 MB/s
[   17.413217] raid6: sse2x2   xor()  6346 MB/s
[   17.521105] raid6: sse2x4   gen() 10728 MB/s
[   17.601007] raid6: sse2x4   xor()  4840 MB/s
[   17.650933] raid6: using algorithm sse2x4 gen() 10728 MB/s
[   17.668574] raid6: .... xor() 4840 MB/s, rmw enabled
[   17.675162] raid6: using ssse3x2 recovery algorithm
[   17.688620] xor: automatically using best checksumming function:
[   17.801291]    avx       : 16666.000 MB/sec
[   17.867937] async_tx: api initialized (async)
[   17.890277] md: raid6 personality registered for level 6
[   17.961484] md: raid5 personality registered for level 5
[   18.013825] md: raid4 personality registered for level 4
[   18.075334] md: raid10 personality registered for level 10
done.
Begin: Running /scripts/init-premount ... done.
Begin: Mounting root file system ... Begin: Running /scripts/[   18.156583] Btrfs loaded
local-top ... done.
Begin: Running /scripts/local-premount ... Scanning for Btrfs filesystems
done.
Warning: fsck not present, so skipping root file system
[   18.269318] EXT4-fs (sda1): mounted filesystem with ordered data mode. Opts: (null)
done.
Begin: Running /scripts/local-bottom ... done.
Begin: Running /scripts/init-bottom ... done.
[   18.698129] systemd[1]: systemd 229 running in system mode. (+PAM +AUDIT +SELINUX +IMA +APPARMOR +SMACK +SYSVINIT +UTMP +LIBCRYPTSETUP +GCRYPT +GNUTLS +ACL +XZ -LZ4 +SECCOMP +BLKID +ELFUTILS +KMOD -IDN)
[   18.811573] systemd[1]: Detected virtualization oracle.
[   18.822788] systemd[1]: Detected architecture x86-64.

Welcome to [1mUbuntu 16.04.3 LTS[0m!

[   18.906170] systemd[1]: Set hostname to <ubuntu>.
[   18.943526] systemd[1]: Initializing machine ID from random generator.
[   18.954717] systemd[1]: Installed transient /etc/machine-id file.
[   19.502883] systemd[1]: Listening on /dev/initctl Compatibility Named Pipe.
[[0;32m  OK  [0m] Listening on /dev/initctl Compatibility Named Pipe.
[   19.614060] systemd[1]: Listening on udev Control Socket.
[[0;32m  OK  [0m] Listening on udev Control Socket.
[   19.709927] systemd[1]: Listening on Journal Audit Socket.
[[0;32m  OK  [0m] Listening on Journal Audit Socket.
[   19.769746] systemd[1]: Listening on LVM2 poll daemon socket.
[[0;32m  OK  [0m] Listening on LVM2 poll daemon socket.
[   19.881421] systemd[1]: Listening on Device-mapper event daemon FIFOs.
[[0;32m  OK  [0m] Listening on Device-mapper event daemon FIFOs.
[   19.933318] systemd[1]: Created slice System Slice.
[[0;32m  OK  [0m] Created slice System Slice.
[   19.963693] systemd[1]: Created slice system-serial\x2dgetty.slice.
[[0;32m  OK  [0m] Created slice system-serial\x2dgetty.slice.
[   20.071838] systemd[1]: Listening on Journal Socket.
[[0;32m  OK  [0m] Listening on Journal Socket.
[   20.121506] systemd[1]: Mounting Debug File System...
         Mounting Debug File System...
[   20.225569] systemd[1]: Starting Uncomplicated firewall...
[   20.277793] random: nonblocking pool is initialized
         Starting Uncomplicated firewall...
[   20.386599] systemd[1]: Starting Nameserver information manager...
         Starting Nameserver information manager...
[   20.481670] systemd[1]: Starting Load Kernel Modules...
         Starting Load Kernel Modules...[   20.548289] Loading iSCSI transport class v2.0-870.

[   20.606319] systemd[1]: Set up automount Arbitrary Executable File Formats File System Automount Point.
[[0;32m  OK  [0m] Set up automo[   20.741890] iscsi: registered transport (tcp)
unt Arbitrary Executab...ats File System Automount Point.
[   20.821688] systemd[1]: Listening on Syslog Socket.
[[0;32m  OK  [0m] Listening on Syslog Socket.
[   20.887273] iscsi: registered transport (iser)
[   20.937516] systemd[1]: Starting Set console keymap...
         Starting Set console keymap...
[   20.975150] systemd[1]: Starting Remount Root and Kernel File Systems...
         Starting Remount[   21.037198] EXT4-fs (sda1): re-mounted. Opts: (null)
 Root and Kernel File Systems...
[   21.067594] systemd[1]: Mounting POSIX Message Queue File System...
         Mounting POSIX Message Queue File System...
[   21.085778] systemd[1]: Listening on Journal Socket (/dev/log).
[[0;32m  OK  [0m] Listening on Journal Socket (/dev/log).
[   21.145348] systemd[1]: Starting Journal Service...
         Starting Journal Service...
[   21.217271] systemd[1]: Listening on udev Kernel Socket.
[[0;32m  OK  [0m] Listening on udev Kernel Socket.
[   21.280739] systemd[1]: Created slice User and Session Slice.
[[0;32m  OK  [0m] Created slice User and Session Slice.
[   21.337456] systemd[1]: Reached target Slices.
[[0;32m  OK  [0m] Reached target Slices.
[   21.449601] systemd[1]: Mounting Huge Pages File System...
         Mounting Huge Pages File System...
[   21.541451] systemd[1]: Reached target User and Group Name Lookups.
[[0;32m  OK  [0m] Reached target User and Group Name Lookups.
[   21.665770] systemd[1]: Listening on LVM2 metadata daemon socket.
[[0;32m  OK  [0m] Listening on LVM2 metadata daemon socket.
[   21.786463] systemd[1]: Started Forward Password Requests to Wall Directory Watch.
[[0;32m  OK  [0m] Started Forward Password Requests to Wall Directory Watch.
[   21.905930] systemd[1]: Started Trigger resolvconf update for networkd DNS.
[[0;32m  OK  [0m] Started Trigger resolvconf update for networkd DNS.
[   22.069935] systemd[1]: Reached target Encrypted Volumes.
[[0;32m  OK  [0m] Reached target Encrypted Volumes.
[   22.105226] systemd[1]: Reached target Swap.
[[0;32m  OK  [0m] Reached target Swap.
[   22.213300] systemd[1]: Starting Create list of required static device nodes for the current kernel...
         Starting Create list of required st... nodes for the current kernel...
[   22.345611] systemd[1]: Starting Monitoring of LVM2 mirrors, snapshots etc. using dmeventd or progress polling...
         Starting Monitoring of LVM2 mirrors... dmeventd or progress polling...
[   22.371544] systemd[1]: Mounted Huge Pages File System.
[[0;32m  OK  [0m] Mounted Huge Pages File System.
[   22.413242] systemd[1]: Mounted POSIX Message Queue File System.
[[0;32m  OK  [0m] Mounted POSIX Message Queue File System.
[   22.501256] systemd[1]: Mounted Debug File System.
[[0;32m  OK  [0m] Mounted Debug File System.
[   22.581916] systemd[1]: Started Journal Service.
[[0;32m  OK  [0m] Started Journal Service.
[[0;32m  OK  [0m] Started Uncomplicated firewall.
[[0;32m  OK  [0m] Started Load Kernel Modules.
[[0;32m  OK  [0m] Started Set console keymap.
[[0;32m  OK  [0m] Started Remount Root and Kernel File Systems.
[[0;32m  OK  [0m] Started Create list of required sta...ce nodes for the current kernel.
[[0;32m  OK  [0m] Started Nameserver information manager.
[[0;32m  OK  [0m] Started LVM2 metadata daemon.
         Starting Create Static Device Nodes in /dev...
         Starting Load/Save Random Seed...
         Starting udev Coldplug all Devices...
         Starting Initial cloud-init job (pre-networking)...
         Starting Apply Kernel Variables...
         Mounting FUSE Control File System...
         Starting Flush Journal to Persistent Storage...
[[0;32m  OK  [0m] Mounted FUSE Control File System.
[[0;32m  OK  [0m] Started Create Static Device Nodes in /dev.
[[0;32m  OK  [0m] Started Load/Save Random Seed.
[[0;32m  OK  [0m] Started Apply Kernel Variables.
[[0;32m  OK  [0m] Started Monitoring of LVM2 mirrors,...ng dmeventd or progress polling.
[[0;32m  OK  [0m] Started udev Coldplug all Devices.
[[0;32m  OK  [0m] Started Flush Journal to Persistent Storage.
         Starting udev Kernel Device Manager...
[[0;32m  OK  [0m] Started udev Kernel Device Manager.
[[0;32m  OK  [0m] Reached target Local File Systems (Pre).
[[0;32m  OK  [0m] Reached target Local File Systems.
         Starting Create Volatile Files and Directories...
         Starting Tell Plymouth To Write Out Runtime Data...
         Starting LSB: AppArmor initialization...
         Starting Commit a transient machine-id on disk...
         Starting Set console font and keymap...
[[0;32m  OK  [0m] Started Dispatch Password Requests to Console Directory Watch.
[[0;32m  OK  [0m] Started Create Volatile Files and Directories.
[[0;32m  OK  [0m] Started Tell Plymouth To Write Out Runtime Data.
[[0;32m  OK  [0m] Started Commit a transient machine-id on disk.
[[0;32m  OK  [0m] Found device /dev/ttyS0.
[[0;32m  OK  [0m] Listening on Load/Save RF Kill Switch Status /dev/rfkill Watch.
[[0;32m  OK  [0m] Reached target System Time Synchronized.
         Starting Update UTMP about System Boot/Shutdown...
[[0;32m  OK  [0m] Started Update UTMP about System Boot/Shutdown.
[[0;32m  OK  [0m] Started Set console font and keymap.
[[0;32m  OK  [0m] Created slice system-getty.slice.
[[0;32m  OK  [0m] Started LSB: AppArmor initialization.
[   20.170034] cloud-init[445]: Cloud-init v. 0.7.9 running 'init-local' at Mon, 04 Sep 2017 10:21:31 +0000. Up 19.60 seconds.
[[0;32m  OK  [0m] Started Initial cloud-init job (pre-networking).
[[0;32m  OK  [0m] Reached target Network (Pre).
         Starting Raise network interfaces...
[[0;32m  OK  [0m] Started Raise network interfaces.
         Starting Initial cloud-init job (metadata service crawler)...
[[0;32m  OK  [0m] Reached target Network.
[   23.574398] cloud-init[935]: Cloud-init v. 0.7.9 running 'init' at Mon, 04 Sep 2017 10:21:34 +0000. Up 22.03 seconds.
[   23.640782] cloud-init[935]: ci-info: +++++++++++++++++++++++++++++++++++++Net device info++++++++++++++++++++++++++++++++++++++
[   23.688590] cloud-init[935]: ci-info: +--------+-------+---------------------------+---------------+-------+-------------------+
[   23.689003] cloud-init[935]: ci-info: | Device |   Up  |          Address          |      Mask     | Scope |     Hw-Address    |
[[0;32m  OK  [0m] Started Initial cloud-init job (metadata service crawler).
[   23.689253] cloud-init[935]: ci-info: +--------+-------+---------------------------+---------------+-------+-------------------+
[   23.831174] cloud-init[935]: ci-info: | enp0s8 | False |             .             |       .       |   .   | 08:00:27:58:8d:fb |
[   23.831624] cloud-init[935]: ci-info: |   lo   |  True |         127.0.0.1         |   255.0.0.0   |   .   |         .         |
[[0;32m  OK  [0m] Reached target Cloud-config availability.
[   23.831862] cloud-init[935]: ci-info: |   lo   |  True |          ::1/128          |       .       |  host |         .         |
[   23.943697] cloud-init[935]: ci-info: | enp0s3 |  True |         10.0.2.15         | 255.255.255.0 |   .   | 02:04:e4:df:e4:d8 |
[[0;32m  OK  [0m] Reached target System Initialization.
         Starting Socket activation for snappy daemon.
[   23.943890] cloud-init[935]: ci-info: | enp0s3 |  True | fe80::4:e4ff:fedf:e4d8/64 |       .       |  link | 02:04:e4:df:e4:d8 |
[   24.101238] cloud-init[935]: ci-info: +--------+-------+---------------------------+---------------+-------+-------------------+
[   24.101815] cloud-init[935]: ci-info: +++++++++++++++++++++++++++Route IPv4 info++++++++++++++++++++++++++++
[[0;32m  OK  [0m] Started Timer to automatically refresh installed snaps.
[   24.102007] cloud-init[935]: ci-info: +-------+-------------+----------+---------------+-----------+-------+
[   24.221845] cloud-init[935]: ci-info: | Route | Destination | Gateway  |    Genmask    | Interface | Flags |
[[0;32m  OK  [0m] Listening on UUID daemon activation socket.
[   24.222321] cloud-init[935]: ci-info: +-------+-------------+----------+---------------+-----------+-------+
[[   24.345316] cloud-init[935]: ci-info: |   0   |   0.0.0.0   | 10.0.2.2 |    0.0.0.0    |   enp0s3  |   UG  |
[   24.345971] cloud-init[935]: ci-info: |   1   |   10.0.2.0  | 0.0.0.0  | 255.255.255.0 |   enp0s3  |   U   |
[0;32m  OK  [0m] Started Daily Cleanup of Temporary Directories.
[[   24.346170] cloud-init[935]: ci-info: +-------+-------------+----------+---------------+-----------+-------+
[   24.451097] cloud-init[935]: Generating public/private rsa key pair.
[   24.451292] cloud-init[935]: Your identification has been saved in /etc/ssh/ssh_host_rsa_key.
[   24.451534] cloud-init[935]: Your public key has been saved in /etc/ssh/ssh_host_rsa_key.pub.
[0;32m  OK  [0m] Listening on D-Bus System Message Bus Socket.
[[   24.451778] cloud-init[935]: The key fingerprint is:
[   24.625036] cloud-init[935]: SHA256:BvvIW/VPrUCGFHx4h0RUZNP+w657197OdHTsgYdAgJ8 root@ubuntu-xenial
[0;32m  OK  [0m] Listening on ACPID Listen Socket.
[   24.625187] cloud-init[935]: The key's randomart image is:
[   24.756619] cloud-init[935]: +---[RSA 2048]----+
[   24.757065] cloud-init[935]: |        .oo*++=. |
[[0;32m  OK  [0m] Started ACPI Events Check.
[   24.757310] cloud-init[935]: |       .  +.+....|
[   24.812973] cloud-init[935]: |      . . o+ . . |[
[0;32m  OK  [0m] Reached target Paths.
[   24.813284] cloud-init[935]: |       o E .. o..|
[   24.849096] cloud-init[935]: |      . S o oo.o=|
[   24.850054] cloud-init[935]: |     . + . +  .*+|
         Starting LXD - unix socket.
[   24.850251] cloud-init[935]: |      o o   o o B|
[   24.928493] cloud-init[935]: |       o     + *=|
[   24.928973] cloud-init[935]: |      .      o*o*|
[[0;32m  OK  [0m] Reached target Network is Online.
[   24.929200] cloud-init[935]: +----[SHA256]-----+
[   25.016513] cloud-init[935]: Generating public/private dsa key pair.
[   25.017376] cloud-init[935]: Your identification has been saved in /etc/ssh/ssh_host_dsa_key.
         Starting iSCSI initiator daemon (iscsid)...
[[   25.017616] cloud-init[935]: Your public key has been saved in /etc/ssh/ssh_host_dsa_key.pub.
[   25.116165] cloud-init[935]: The key fingerprint is:
[   25.116353] cloud-init[935]: SHA256:9zKI7FAOY2vVhlgnqe8ITBWDIF8FdcdnTvgDYnq0O9g root@ubuntu-xenial
[0;32m  OK  [0m] Started Daily apt download activities.
[   25.116719] cloud-init[935]: The key's randomart image is:
[[0;32m  OK  [0m] Started Daily apt upgrade and clean activities.
[[   25.169982] cloud-init[935]: +---[DSA 1024]----+
[   25.233091] cloud-init[935]: |o. .=+o ....     |
[0;32m  OK  [0m] Reached target Timers.
[[0;32m  OK  [0m] Listening on Socket activation for snappy daemon.
[[0;32m  OK  [0m] Listening on LXD - unix socket.
[   25.233194] cloud-init[935]: |.... o o+.+ +    |
[   25.348500] cloud-init[935]: |  . . ++.o B     |
[   25.384496] cloud-init[935]: |   . +.=o   +    |
[   25.428924] cloud-init[935]: |  . * ++S..  .   |
[   25.436702] cloud-init[935]: | o . X.oEo .     |
[   25.452894] cloud-init[935]: |  o + = ..o .    |
[   25.462731] cloud-init[935]: |   o =     o     |
[   25.480574] cloud-init[935]: |    . o          |
[[0;32m  OK  [0m] Started iSCSI initiator daemon (iscsid).
[   25.481821] cloud-init[935]: +----[SHA256]-----+
[   25.598014] cloud-init[935]: Generating public/private ecdsa key pair.
         Starting Login to default iSCSI targets...
[[0;32m  OK  [0m] Reached target Sockets.
[[0;32m  OK  [0m] Reached target Basic System.
[   25.598969] cloud-init[935]: Your identification has been saved in /etc/ssh/ssh_host_ecdsa_key.
[   25.800658] [cloud-init[0;32m  OK  [0m[935]: ] Your public key has been saved in /etc/ssh/ssh_host_ecdsa_key.pub.Started FUSE filesystem for LXC.

[   25.840671] cloud-init[935]: The key fingerprint is:
         Starting LSB: Record successful boot for GRUB...
[   25.841855] cloud-init[935]: SHA256:szGAZ8JjDLd73DukL0VGWp+cNsndKuexvvi4fdB8pTg root@ubuntu-xenial
[   25.968340] cloud-init[935]: The key's randomart image is:
[[0;32m  OK  [0m] Started D-Bus System Message Bus.
[   25.969322] cloud-init[935]: +---[ECDSA 256]---+
[   26.072454] cloud-init[935]: |  . .            |
         Starting Apply the settings specified in cloud-config...
[   26.112867] cloud-init[935]: |   = o  o        |
[   26.156561] cloud-init[935]: |    O ++ + = .   |
         Starting LXD - container startup/shutdown...
[   26.185466] cloud-init[935]: |   . B.oo X . . .|
         Starting /etc/rc.local Compatibility...
[   26.254859] cloud-init[935]: |    . ooS. . = ..|
[   26.273920] cloud-init[935]: |     . o.*. E + .|
[[0;32m  OK  [0m] Started ACPI event daemon.
[   26.303249] cloud-init[935]: |      ..+  + = . |
[   26.335241] cloud-init[935]: |      .. . +o .  |
[[0;32m  OK  [0m] Started Regular background program processing daemon.
[   26.343421] cloud-init[935]: |       .. ++=o   |
[   26.386776] cloud-init[935]: +----[SHA256]-----+
[[0;32m  OK  [0m] Started Deferred execution scheduler.
[[0;32m  OK  [0m] Started Unattended Upgrades Shutdown.
[   26.427401] cloud-init[935]: Generating public/private ed25519 key pair.
         Starting Accounts Service...
         Starting Login Service...
         Starting LSB: MD monitoring daemon...
[   26.498933] cloud-init[935]: Your identification has been saved in /etc/ssh/ssh_host_ed25519_key.
[[0;32m  OK  [0m] Started Snappy daemon.
[   26.536074] cloud-init[935]: Your public key has been saved in /etc/ssh/ssh_host_ed25519_key.pub.
         Starting Auto import assertions from block devices...
[   26.571246] cloud-init[935]: The key fingerprint is:
         Starting System Logging Service...
[   26.619910] cloud-init[935]: SHA256:LApRFCRTWuu5Ok9Hp4848huboNJ4uoBc3wC8sNtOSBE root@ubuntu-xenial
         Starting Pollinate to seed the pseudo random number generator...
[[0;32m  OK  [0m] Started LXD - container startup/shutdown.
[[0;32m  OK  [0m] Started /etc/rc.local Compatibility.
[[0;32m  OK  [0m] Started Auto import assertions from block devices.
[[0;32m  OK  [0m] Started System Logging Service.
[   26.671987] cloud-init[935]: The key's randomart image is:
[   26.788061] cloud-init[935]: +--[ED25519 256]--+
[   26.804895] cloud-init[935]: | Eo+B.           |
[   26.814193] cloud-init[935]: |  o* .           |
[   26.830472] cloud-init[935]: | ooo.            |
[   26.840351] cloud-init[935]: |  +oo. .         |
[   26.853621] cloud-init[935]: | o.oo.o S        |
[[0;32m  OK  [0m] Started Login to default iSCSI targets.
[   26.859770] cloud-init[935]: |+ =..+o+         |
[   26.876694] cloud-init[935]: |o*.o=.o.         |
[   26.913847] cloud-init[935]: |+.B+.* o         |
[[0;32m  OK  [0m] Started LSB: Record successful boot for GRUB.
[   26.952796] cloud-init[935]: |=+.*Bo. .        |
[   26.975464] cloud-init[935]: +----[SHA256]-----+
[[0;32m  OK  [0m] Started Login Service.
[[0;32m  OK  [0m] Started LSB: MD monitoring daemon.
         Starting Authenticate and Authorize Users to Run Privileged Tasks...
[[0;32m  OK  [0m] Reached target Remote File Systems (Pre).
[[0;32m  OK  [0m] Reached target Remote File Systems.
         Starting LSB: VirtualBox Linux Additions...
         Starting LSB: automatic crash report generation...
         Starting LSB: daemon to balance interrupts for SMP systems...
         Starting LSB: Set the CPU Frequency Scaling governor to "ondemand"...
         Starting Permit User Sessions...
[[0;32m  OK  [0m] Started Permit User Sessions.
[[0;32m  OK  [0m] Started Authenticate and Authorize Users to Run Privileged Tasks.
[[0;32m  OK  [0m] Started Accounts Service.
         Starting Terminate Plymouth Boot Screen...
         Starting Hold until boot process finishes up...
[[0;32m  OK  [0m] Started LSB: automatic crash report generation.
[[0;32m  OK  [0m] Started LSB: daemon to balance interrupts for SMP systems.
[[0;32m  OK  [0m] Started LSB: VirtualBox Linux Additions.
[[0;32m  OK  [0m] Started LSB: Set the CPU Frequency Scaling governor to "ondemand".
[[0;32m  OK  [0m] Started Terminate Plymouth Boot Screen.
[[0;32m  OK  [0m] Started Hold until boot process finishes up.
         Starting Set console scheme...
[[0;32m  OK  [0m] Started Getty on tty1.
[[0;32m  OK  [0m] Started Serial Getty on ttyS0.
[[0;32m  OK  [0m] Reached target Login Prompts.
[[0;32m  OK  [0m] Started Set console scheme.
[[0;32m  OK  [0m] Started Pollinate to seed the pseudo random number generator.
[   27.908375] cloud-init[1052]: Generating locales (this might take a while)...
         Starting OpenBSD Secure Shell server...
[[0;32m  OK  [0m] Started OpenBSD Secure Shell server.
[[0;32m  OK  [0m] Reached target Multi-User System.
[[0;32m  OK  [0m] Reached target Graphical Interface.
         Starting Update UTMP about System Runlevel Changes...
[[0;32m  OK  [0m] Started Update UTMP about System Runlevel Changes.
[   29.695363] cloud-init[1052]:   en_US.UTF-8... done
[   29.722365] cloud-init[1052]: Generation complete.
         Stopping OpenBSD Secure Shell server...
[[0;32m  OK  [0m] Stopped OpenBSD Secure Shell server.
         Starting OpenBSD Secure Shell server...
[[0;32m  OK  [0m] Started OpenBSD Secure Shell server.
[[0;32m  OK  [0m] Created slice User Slice of ubuntu.
         Starting User Manager for UID 1000...
[[0;32m  OK  [0m] Started Session 1 of user ubuntu.
[[0;32m  OK  [0m] Started User Manager for UID 1000.
[   30.841239] cloud-init[1052]: Cloud-init v. 0.7.9 running 'modules:config' at Mon, 04 Sep 2017 10:21:39 +0000. Up 27.39 seconds.
[[0;32m  OK  [0m] Started Apply the settings specified in cloud-config.
         Starting Execute cloud user/final scripts...
ci-info: no authorized ssh keys fingerprints found for user ubuntu.
<14>Sep  4 10:21:44 ec2: 
<14>Sep  4 10:21:44 ec2: #############################################################
<14>Sep  4 10:21:44 ec2: -----BEGIN SSH HOST KEY FINGERPRINTS-----
<14>Sep  4 10:21:44 ec2: 1024 SHA256:9zKI7FAOY2vVhlgnqe8ITBWDIF8FdcdnTvgDYnq0O9g root@ubuntu-xenial (DSA)
<14>Sep  4 10:21:44 ec2: 256 SHA256:szGAZ8JjDLd73DukL0VGWp+cNsndKuexvvi4fdB8pTg root@ubuntu-xenial (ECDSA)
<14>Sep  4 10:21:44 ec2: 256 SHA256:LApRFCRTWuu5Ok9Hp4848huboNJ4uoBc3wC8sNtOSBE root@ubuntu-xenial (ED25519)
<14>Sep  4 10:21:44 ec2: 2048 SHA256:BvvIW/VPrUCGFHx4h0RUZNP+w657197OdHTsgYdAgJ8 root@ubuntu-xenial (RSA)
<14>Sep  4 10:21:44 ec2: -----END SSH HOST KEY FINGERPRINTS-----
<14>Sep  4 10:21:44 ec2: #############################################################
-----BEGIN SSH HOST KEY KEYS-----
ecdsa-sha2-nistp256 AAAAE2VjZHNhLXNoYTItbmlzdHAyNTYAAAAIbmlzdHAyNTYAAABBBHwQatT7CxPFDMrz8oVonG2YvcRNPx1cgLjGad4zA7w+zavUfy0EZ5EtOYxznK3h9wdBmd2BoA48oyuXrCZk5vM= root@ubuntu-xenial
ssh-ed25519 AAAAC3NzaC1lZDI1NTE5AAAAIOMTYfSdD6GysSx+05umB+8Z8+P3ODjAcgGyvxdzpFmD root@ubuntu-xenial
ssh-rsa AAAAB3NzaC1yc2EAAAADAQABAAABAQDPQYr2Br2Dv5UD55yb55Fl3X8C+tfzjFYRaA4AVFrx6a3FuWE6CTmdpyTHi8e+/Lhpde+JXsZrMZxsseM36U3GlZIapgX5ac9KyJXUpWMXq1GJKP+YygFD3yVie9mHLKfr2Vnz9refotFw7fgfzUQSA4X4BVj6jT3W3l+nXpHq8B6zqtFqG375y2UtYyFFSSFf14Xb8PDsqe8xW2kebxULBUkB5pXLI8CyXUsqd46vRG4aJ96C5qp3sLKK1CAavuvP2XrpgU4RUpe6NhZpEqgzgKUivZzQqiInril8KWHFiVHLjpUfrxsZmzwAInDIX5Z+r5r5gSWS88F7JE5Sd8X5 root@ubuntu-xenial
-----END SSH HOST KEY KEYS-----
[   32.189016] cloud-init[1393]: Cloud-init v. 0.7.9 running 'modules:final' at Mon, 04 Sep 2017 10:21:43 +0000. Up 31.53 seconds.
[[0;32m  OK  [0m] Started Execute cloud user/final scripts.
[[0;32m  OK  [0m] Reached target Cloud-init target.
[   32.275678] cloud-init[1393]: ci-info: no authorized ssh keys fingerprints found for user ubuntu.
[   32.389385] cloud-init[1393]: Cloud-init v. 0.7.9 finished at Mon, 04 Sep 2017 10:21:44 +0000. Datasource DataSourceNoCloud [seed=/dev/sdb][dsmode=net].  Up 32.17 seconds

Ubuntu 16.04.3 LTS ubuntu-xenial ttyS0

ubuntu-xenial login: 